******************************************************************************
                  TI ARM Linker PC v20.2.1                     
******************************************************************************
>> Linked Mon Nov 16 23:47:09 2020

OUTPUT FILE NAME:   <Senior_Design.out>
ENTRY POINT SYMBOL: "_c_int00_noargs"  address: 00002d1d


MEMORY CONFIGURATION

         name            origin    length      used     unused   attr    fill
----------------------  --------  ---------  --------  --------  ----  --------
  FLASH                 00000000   00040000  00003334  0003cccc  R  X
  SRAM                  20000000   00008000  0000047b  00007b85  RW X


SEGMENT ALLOCATION MAP

run origin  load origin   length   init length attrs members
----------  ----------- ---------- ----------- ----- -------
00000000    00000000    00003338   00003338    r-x
  00000000    00000000    0000026c   0000026c    r-- .intvecs
  0000026c    0000026c    00002b28   00002b28    r-x .text
  00002d94    00002d94    00000560   00000560    r-- .const
  000032f8    000032f8    00000040   00000040    r-- .cinit
20000000    20000000    0000047f   00000000    rw-
  20000000    20000000    0000026c   00000000    rw- .vtable
  20000270    20000270    00000200   00000000    rw- .stack
  20000470    20000470    00000008   00000000    rw- .bss
  20000478    20000478    00000007   00000000    rw- .data


SECTION ALLOCATION MAP

 output                                  attributes/
section   page    origin      length       input sections
--------  ----  ----------  ----------   ----------------
.intvecs   0    00000000    0000026c     
                  00000000    0000026c     tm4c123gh6pm_startup_ccs.obj (.intvecs)

.text      0    0000026c    00002b28     
                  0000026c    00000ef4     sysctl.obj (.text)
                  00001160    00000b88     gpio.obj (.text)
                  00001ce8    0000069c     i2c.obj (.text)
                  00002384    00000450     main.obj (.text)
                  000027d4    000003c0     interrupt.obj (.text)
                  00002b94    0000009c     rtsv7M4_T_le_v4SPD16_eabi.lib : memcpy_t2.asm.obj (.text)
                  00002c30    00000068                                   : copy_decompress_lzss.c.obj (.text:decompress:lzss:__TI_decompress_lzss)
                  00002c98    00000044                                   : autoinit.c.obj (.text:__TI_auto_init_nobinit_nopinit:__TI_auto_init_nobinit_nopinit)
                  00002cdc    0000003e     cpu.obj (.text)
                  00002d1a    00000002     --HOLE-- [fill = 0]
                  00002d1c    00000034     rtsv7M4_T_le_v4SPD16_eabi.lib : boot_cortex_m.c.obj (.text:_c_int00_noargs:_c_int00_noargs)
                  00002d50    0000001c                                   : copy_zero_init.c.obj (.text:decompress:ZI:__TI_zero_init_nomemset:__TI_zero_init_nomemset)
                  00002d6c    0000000e                                   : copy_decompress_none.c.obj (.text:decompress:none:__TI_decompress_none)
                  00002d7a    0000000c     tm4c123gh6pm_startup_ccs.obj (.text)
                  00002d86    00000006     sysctl.obj (.text:SysCtlDelay)
                  00002d8c    00000004     rtsv7M4_T_le_v4SPD16_eabi.lib : pre_init.c.obj (.text:_system_pre_init)
                  00002d90    00000004                                   : exit.c.obj (.text:abort:abort)

.const     0    00002d94    00000560     
                  00002d94    00000120     sysctl.obj (.const:g_pppui32XTALtoVCO)
                  00002eb4    000000c0     gpio.obj (.const:g_ppui32GPIOIntMapBlizzard)
                  00002f74    000000c0     gpio.obj (.const:g_ppui32GPIOIntMapSnowflake)
                  00003034    0000009c     interrupt.obj (.const:g_pui32Regs)
                  000030d0    00000090     gpio.obj (.const:g_pui32GPIOBaseAddrs)
                  00003160    0000006c     sysctl.obj (.const:g_pui32Xtals)
                  000031cc    00000050     i2c.obj (.const:g_ppui32I2CIntMapSnowflake)
                  0000321c    00000030     i2c.obj (.const:g_ppui32I2CIntMap)
                  0000324c    00000030     sysctl.obj (.const:g_sXTALtoMEMTIM)
                  0000327c    00000020     interrupt.obj (.const:g_pui32Priority)
                  0000329c    00000014     interrupt.obj (.const:g_pui32Dii16Regs)
                  000032b0    00000014     interrupt.obj (.const:g_pui32EnRegs)
                  000032c4    00000014     interrupt.obj (.const:g_pui32PendRegs)
                  000032d8    00000014     interrupt.obj (.const:g_pui32UnpendRegs)
                  000032ec    00000008     sysctl.obj (.const:g_pui32VCOFrequencies)

.cinit     0    000032f8    00000040     
                  000032f8    0000000c     (__TI_handler_table)
                  00003304    0000000a     (.cinit..data.load) [load image, compression = lzss]
                  0000330e    00000002     --HOLE-- [fill = 0]
                  00003310    00000008     (.cinit..bss.load) [load image, compression = zero_init]
                  00003318    00000008     (.cinit..vtable.load) [load image, compression = zero_init]
                  00003320    00000018     (__TI_cinit_table)

.init_array 
*          0    00000000    00000000     UNINITIALIZED

.vtable    0    20000000    0000026c     UNINITIALIZED
                  20000000    0000026c     interrupt.obj (.vtable)

.bss       0    20000470    00000008     UNINITIALIZED
                  20000470    00000004     (.common:motor_position)
                  20000474    00000004     (.common:return_vals)

.data      0    20000478    00000007     UNINITIALIZED
                  20000478    00000007     main.obj (.data)

.stack     0    20000270    00000200     UNINITIALIZED
                  20000270    00000004     rtsv7M4_T_le_v4SPD16_eabi.lib : boot_cortex_m.c.obj (.stack)
                  20000274    000001fc     --HOLE--

__llvm_prf_cnts 
*          0    20000000    00000000     UNINITIALIZED

MODULE SUMMARY

       Module                         code    ro data   rw data
       ------                         ----    -------   -------
    .\
       main.obj                       1104    0         15     
       tm4c123gh6pm_startup_ccs.obj   12      620       0      
    +--+------------------------------+-------+---------+---------+
       Total:                         1116    620       15     
                                                               
    .\driverlib\
       sysctl.obj                     3834    452       0      
       gpio.obj                       2952    528       0      
       interrupt.obj                  960     268       620    
       i2c.obj                        1692    128       0      
       cpu.obj                        62      0         0      
    +--+------------------------------+-------+---------+---------+
       Total:                         9500    1376      620    
                                                               
    C:\ProgramData\ti\ccs\ccs\tools\compiler\ti-cgt-arm_20.2.1.LTS\lib\rtsv7M4_T_le_v4SPD16_eabi.lib
       memcpy_t2.asm.obj              156     0         0      
       copy_decompress_lzss.c.obj     104     0         0      
       autoinit.c.obj                 68      0         0      
       boot_cortex_m.c.obj            52      0         0      
       copy_zero_init.c.obj           28      0         0      
       copy_decompress_none.c.obj     14      0         0      
       exit.c.obj                     4       0         0      
       pre_init.c.obj                 4       0         0      
    +--+------------------------------+-------+---------+---------+
       Total:                         430     0         0      
                                                               
       Stack:                         0       0         512    
       Linker Generated:              0       62        0      
    +--+------------------------------+-------+---------+---------+
       Grand Total:                   11046   2058      1147   


LINKER GENERATED COPY TABLES

__TI_cinit_table @ 00003320 records: 3, size/record: 8, table size: 24
	.data: load addr=00003304, load size=0000000a bytes, run addr=20000478, run size=00000007 bytes, compression=lzss
	.bss: load addr=00003310, load size=00000008 bytes, run addr=20000470, run size=00000008 bytes, compression=zero_init
	.vtable: load addr=00003318, load size=00000008 bytes, run addr=20000000, run size=0000026c bytes, compression=zero_init


LINKER GENERATED HANDLER TABLE

__TI_handler_table @ 000032f8 records: 3, size/record: 4, table size: 12
	index: 0, handler: __TI_zero_init
	index: 1, handler: __TI_decompress_lzss
	index: 2, handler: __TI_decompress_none


GLOBAL SYMBOLS: SORTED ALPHABETICALLY BY Name 

address   name                            
-------   ----                            
00002d91  C$$EXIT                         
00002d11  CPUbasepriGet                   
00002d03  CPUbasepriSet                   
00002cdd  CPUcpsid                        
00002cf3  CPUcpsie                        
00002ce9  CPUprimask                      
00002cff  CPUwfi                          
00001cc3  GPIOADCTriggerDisable           
00001ca5  GPIOADCTriggerEnable            
00001c87  GPIODMATriggerDisable           
00001c69  GPIODMATriggerEnable            
0000121b  GPIODirModeGet                  
000011bf  GPIODirModeSet                  
00001783  GPIOIntClear                    
00001747  GPIOIntDisable                  
0000172d  GPIOIntEnable                   
00001797  GPIOIntRegister                 
00001761  GPIOIntStatus                   
0000130b  GPIOIntTypeGet                  
00001267  GPIOIntTypeSet                  
000017b5  GPIOIntUnregister               
000015db  GPIOPadConfigGet                
000013a1  GPIOPadConfigSet                
00001c0b  GPIOPinConfigure                
000017cf  GPIOPinRead                     
00001807  GPIOPinTypeADC                  
0000182b  GPIOPinTypeCAN                  
00001bd7  GPIOPinTypeCIR                  
0000184f  GPIOPinTypeComparator           
00001873  GPIOPinTypeEPI                  
00001897  GPIOPinTypeEthernetLED          
000018bb  GPIOPinTypeEthernetMII          
000018df  GPIOPinTypeGPIOInput            
00001903  GPIOPinTypeGPIOOutput           
00001927  GPIOPinTypeGPIOOutputOD         
0000194b  GPIOPinTypeI2C                  
0000196f  GPIOPinTypeI2CSCL               
00001b8f  GPIOPinTypeKBColumn             
00001b6b  GPIOPinTypeKBRow                
00001993  GPIOPinTypeLCD                  
00001bb3  GPIOPinTypeLEDSeq               
000019b7  GPIOPinTypeLPC                  
000019db  GPIOPinTypePECIRx               
000019ff  GPIOPinTypePECITx               
00001a23  GPIOPinTypePWM                  
00001a47  GPIOPinTypeQEI                  
00001a6b  GPIOPinTypeSSI                  
00001a8f  GPIOPinTypeTimer                
00001ab3  GPIOPinTypeUART                 
00001ad7  GPIOPinTypeUSBAnalog            
00001afb  GPIOPinTypeUSBDigital           
00001b1f  GPIOPinTypeWakeHigh             
00001b45  GPIOPinTypeWakeLow              
00001bfb  GPIOPinWakeStatus               
000017e7  GPIOPinWrite                    
000023cd  I2C0SlaveIntHandler             
000022df  I2CFIFODataGet                  
000022f9  I2CFIFODataGetNonBlocking       
00002295  I2CFIFODataPut                  
000022b7  I2CFIFODataPutNonBlocking       
00002285  I2CFIFOStatus                   
00001e79  I2CIntRegister                  
00001e97  I2CIntUnregister                
00002335  I2CMasterBurstCountGet          
0000231f  I2CMasterBurstLengthSet         
000020dd  I2CMasterBusBusy                
000020c5  I2CMasterBusy                   
000020f5  I2CMasterControl                
00002149  I2CMasterDataGet                
00002133  I2CMasterDataPut                
00001e45  I2CMasterDisable                
00001e11  I2CMasterEnable                 
00002107  I2CMasterErr                    
00002343  I2CMasterGlitchFilterConfigSet  
00001d47  I2CMasterInitExpClk             
0000203f  I2CMasterIntClear               
0000205d  I2CMasterIntClearEx             
00001f0b  I2CMasterIntDisable             
00001f1b  I2CMasterIntDisableEx           
00001eb1  I2CMasterIntEnable              
00001ec1  I2CMasterIntEnableEx            
00001f65  I2CMasterIntStatus              
00001fa9  I2CMasterIntStatusEx            
000020b7  I2CMasterLineStateGet           
00002095  I2CMasterSlaveAddrSet           
00002157  I2CMasterTimeoutSet             
00002245  I2CRxFIFOConfigSet              
0000226d  I2CRxFIFOFlush                  
00002169  I2CSlaveACKOverride             
0000219b  I2CSlaveACKValueSet             
00001dd3  I2CSlaveAddressSet              
000021f5  I2CSlaveDataGet                 
000021dd  I2CSlaveDataPut                 
00001e5b  I2CSlaveDisable                 
00001e27  I2CSlaveEnable                  
00002373  I2CSlaveFIFODisable             
0000235b  I2CSlaveFIFOEnable              
00001db9  I2CSlaveInit                    
0000206f  I2CSlaveIntClear                
00002081  I2CSlaveIntClearEx              
00001f33  I2CSlaveIntDisable              
00001f4b  I2CSlaveIntDisableEx            
00001ed9  I2CSlaveIntEnable               
00001ef1  I2CSlaveIntEnableEx             
00001fd5  I2CSlaveIntStatus               
0000201d  I2CSlaveIntStatusEx             
000021cd  I2CSlaveStatus                  
00002205  I2CTxFIFOConfigSet              
0000222d  I2CTxFIFOFlush                  
00002385  InitI2C0                        
00002995  IntDisable                      
00002923  IntEnable                       
00002a07  IntIsEnabled                    
000027e7  IntMasterDisable                
000027d7  IntMasterEnable                 
00002afd  IntPendClear                    
00002a8d  IntPendSet                      
000028ff  IntPriorityGet                  
00002877  IntPriorityGroupingGet          
0000285d  IntPriorityGroupingSet          
00002b57  IntPriorityMaskGet              
00002b4b  IntPriorityMaskSet              
000028af  IntPrioritySet                  
000027f7  IntRegister                     
00002b5f  IntTrigger                      
00002849  IntUnregister                   
00002d7b  ResetISR                        
000010ff  SysCtlAltClkConfig              
000008d5  SysCtlClockFreqSet              
00000db9  SysCtlClockGet                  
000010e3  SysCtlClockOutConfig            
00000bed  SysCtlClockSet                  
000007d5  SysCtlDeepSleep                 
00000f85  SysCtlDeepSleepClockConfigSet   
00000f67  SysCtlDeepSleepClockSet         
000007b5  SysCtlDeepSleepPowerSet         
00002d87  SysCtlDelay                     
00000363  SysCtlFlashSectorSizeGet        
00000337  SysCtlFlashSizeGet              
0000105b  SysCtlGPIOAHBDisable            
0000103f  SysCtlGPIOAHBEnable             
00000749  SysCtlIntClear                  
00000731  SysCtlIntDisable                
0000071d  SysCtlIntEnable                 
000006f5  SysCtlIntRegister               
00000759  SysCtlIntStatus                 
0000070d  SysCtlIntUnregister             
0000079b  SysCtlLDODeepSleepGet           
0000078b  SysCtlLDODeepSleepSet           
00000785  SysCtlLDOSleepGet               
00000775  SysCtlLDOSleepSet               
0000080b  SysCtlMOSCConfigSet             
000010cf  SysCtlNMIClear                  
000010c9  SysCtlNMIStatus                 
00000821  SysCtlPIOSCCalibrate            
00001029  SysCtlPWMClockGet               
0000100f  SysCtlPWMClockSet               
000006a1  SysCtlPeripheralClockGating     
00000659  SysCtlPeripheralDeepSleepDisable
00000609  SysCtlPeripheralDeepSleepEnable 
00000545  SysCtlPeripheralDisable         
00000509  SysCtlPeripheralEnable          
00000445  SysCtlPeripheralPowerOff        
00000409  SysCtlPeripheralPowerOn         
00000389  SysCtlPeripheralPresent         
000003c9  SysCtlPeripheralReady           
00000481  SysCtlPeripheralReset           
000005cd  SysCtlPeripheralSleepDisable    
00000589  SysCtlPeripheralSleepEnable     
000007c5  SysCtlReset                     
00000881  SysCtlResetBehaviorGet          
00000871  SysCtlResetBehaviorSet          
000007f7  SysCtlResetCauseClear           
000007f1  SysCtlResetCauseGet             
0000032d  SysCtlSRAMSizeGet               
000007cd  SysCtlSleep                     
000007a1  SysCtlSleepPowerSet             
00001089  SysCtlUSBPLLDisable             
00001077  SysCtlUSBPLLEnable              
000010b5  SysCtlVoltageEventClear         
00001099  SysCtlVoltageEventConfig        
000010a9  SysCtlVoltageEventStatus        
20000470  __STACK_END                     
00000200  __STACK_SIZE                    
20000470  __STACK_TOP                     
00003320  __TI_CINIT_Base                 
00003338  __TI_CINIT_Limit                
000032f8  __TI_Handler_Table_Base         
00003304  __TI_Handler_Table_Limit        
00002c99  __TI_auto_init_nobinit_nopinit  
00002c31  __TI_decompress_lzss            
00002d6d  __TI_decompress_none            
ffffffff  __TI_pprof_out_hndl             
ffffffff  __TI_prof_data_size             
ffffffff  __TI_prof_data_start            
00000000  __TI_static_base__              
00002d51  __TI_zero_init_nomemset         
00002b95  __aeabi_memcpy                  
00002b95  __aeabi_memcpy4                 
00002b95  __aeabi_memcpy8                 
ffffffff  __binit__                       
ffffffff  __c_args__                      
UNDEFED   __mpu_init                      
20000270  __stack                         
20000000  __start___llvm_prf_cnts         
20000000  __stop___llvm_prf_cnts          
00002d1d  _c_int00_noargs                 
UNDEFED   _system_post_cinit              
00002d8d  _system_pre_init                
00002d91  abort                           
2000047a  avg_input_power                 
ffffffff  binit                           
20000478  dataRead                        
2000047e  func_test_result                
20000000  g_pfnRAMVectors                 
00000000  g_pfnVectors                    
2000047d  loop_count                      
000026d9  main                            
00002b95  memcpy                          
2000047c  motor_index                     
20000470  motor_position                  
2000047b  power_generated                 
20000474  return_vals                     
20000479  update_stop_flag                


GLOBAL SYMBOLS: SORTED BY Symbol Address 

address   name                            
-------   ----                            
00000000  __TI_static_base__              
00000000  g_pfnVectors                    
00000200  __STACK_SIZE                    
0000032d  SysCtlSRAMSizeGet               
00000337  SysCtlFlashSizeGet              
00000363  SysCtlFlashSectorSizeGet        
00000389  SysCtlPeripheralPresent         
000003c9  SysCtlPeripheralReady           
00000409  SysCtlPeripheralPowerOn         
00000445  SysCtlPeripheralPowerOff        
00000481  SysCtlPeripheralReset           
00000509  SysCtlPeripheralEnable          
00000545  SysCtlPeripheralDisable         
00000589  SysCtlPeripheralSleepEnable     
000005cd  SysCtlPeripheralSleepDisable    
00000609  SysCtlPeripheralDeepSleepEnable 
00000659  SysCtlPeripheralDeepSleepDisable
000006a1  SysCtlPeripheralClockGating     
000006f5  SysCtlIntRegister               
0000070d  SysCtlIntUnregister             
0000071d  SysCtlIntEnable                 
00000731  SysCtlIntDisable                
00000749  SysCtlIntClear                  
00000759  SysCtlIntStatus                 
00000775  SysCtlLDOSleepSet               
00000785  SysCtlLDOSleepGet               
0000078b  SysCtlLDODeepSleepSet           
0000079b  SysCtlLDODeepSleepGet           
000007a1  SysCtlSleepPowerSet             
000007b5  SysCtlDeepSleepPowerSet         
000007c5  SysCtlReset                     
000007cd  SysCtlSleep                     
000007d5  SysCtlDeepSleep                 
000007f1  SysCtlResetCauseGet             
000007f7  SysCtlResetCauseClear           
0000080b  SysCtlMOSCConfigSet             
00000821  SysCtlPIOSCCalibrate            
00000871  SysCtlResetBehaviorSet          
00000881  SysCtlResetBehaviorGet          
000008d5  SysCtlClockFreqSet              
00000bed  SysCtlClockSet                  
00000db9  SysCtlClockGet                  
00000f67  SysCtlDeepSleepClockSet         
00000f85  SysCtlDeepSleepClockConfigSet   
0000100f  SysCtlPWMClockSet               
00001029  SysCtlPWMClockGet               
0000103f  SysCtlGPIOAHBEnable             
0000105b  SysCtlGPIOAHBDisable            
00001077  SysCtlUSBPLLEnable              
00001089  SysCtlUSBPLLDisable             
00001099  SysCtlVoltageEventConfig        
000010a9  SysCtlVoltageEventStatus        
000010b5  SysCtlVoltageEventClear         
000010c9  SysCtlNMIStatus                 
000010cf  SysCtlNMIClear                  
000010e3  SysCtlClockOutConfig            
000010ff  SysCtlAltClkConfig              
000011bf  GPIODirModeSet                  
0000121b  GPIODirModeGet                  
00001267  GPIOIntTypeSet                  
0000130b  GPIOIntTypeGet                  
000013a1  GPIOPadConfigSet                
000015db  GPIOPadConfigGet                
0000172d  GPIOIntEnable                   
00001747  GPIOIntDisable                  
00001761  GPIOIntStatus                   
00001783  GPIOIntClear                    
00001797  GPIOIntRegister                 
000017b5  GPIOIntUnregister               
000017cf  GPIOPinRead                     
000017e7  GPIOPinWrite                    
00001807  GPIOPinTypeADC                  
0000182b  GPIOPinTypeCAN                  
0000184f  GPIOPinTypeComparator           
00001873  GPIOPinTypeEPI                  
00001897  GPIOPinTypeEthernetLED          
000018bb  GPIOPinTypeEthernetMII          
000018df  GPIOPinTypeGPIOInput            
00001903  GPIOPinTypeGPIOOutput           
00001927  GPIOPinTypeGPIOOutputOD         
0000194b  GPIOPinTypeI2C                  
0000196f  GPIOPinTypeI2CSCL               
00001993  GPIOPinTypeLCD                  
000019b7  GPIOPinTypeLPC                  
000019db  GPIOPinTypePECIRx               
000019ff  GPIOPinTypePECITx               
00001a23  GPIOPinTypePWM                  
00001a47  GPIOPinTypeQEI                  
00001a6b  GPIOPinTypeSSI                  
00001a8f  GPIOPinTypeTimer                
00001ab3  GPIOPinTypeUART                 
00001ad7  GPIOPinTypeUSBAnalog            
00001afb  GPIOPinTypeUSBDigital           
00001b1f  GPIOPinTypeWakeHigh             
00001b45  GPIOPinTypeWakeLow              
00001b6b  GPIOPinTypeKBRow                
00001b8f  GPIOPinTypeKBColumn             
00001bb3  GPIOPinTypeLEDSeq               
00001bd7  GPIOPinTypeCIR                  
00001bfb  GPIOPinWakeStatus               
00001c0b  GPIOPinConfigure                
00001c69  GPIODMATriggerEnable            
00001c87  GPIODMATriggerDisable           
00001ca5  GPIOADCTriggerEnable            
00001cc3  GPIOADCTriggerDisable           
00001d47  I2CMasterInitExpClk             
00001db9  I2CSlaveInit                    
00001dd3  I2CSlaveAddressSet              
00001e11  I2CMasterEnable                 
00001e27  I2CSlaveEnable                  
00001e45  I2CMasterDisable                
00001e5b  I2CSlaveDisable                 
00001e79  I2CIntRegister                  
00001e97  I2CIntUnregister                
00001eb1  I2CMasterIntEnable              
00001ec1  I2CMasterIntEnableEx            
00001ed9  I2CSlaveIntEnable               
00001ef1  I2CSlaveIntEnableEx             
00001f0b  I2CMasterIntDisable             
00001f1b  I2CMasterIntDisableEx           
00001f33  I2CSlaveIntDisable              
00001f4b  I2CSlaveIntDisableEx            
00001f65  I2CMasterIntStatus              
00001fa9  I2CMasterIntStatusEx            
00001fd5  I2CSlaveIntStatus               
0000201d  I2CSlaveIntStatusEx             
0000203f  I2CMasterIntClear               
0000205d  I2CMasterIntClearEx             
0000206f  I2CSlaveIntClear                
00002081  I2CSlaveIntClearEx              
00002095  I2CMasterSlaveAddrSet           
000020b7  I2CMasterLineStateGet           
000020c5  I2CMasterBusy                   
000020dd  I2CMasterBusBusy                
000020f5  I2CMasterControl                
00002107  I2CMasterErr                    
00002133  I2CMasterDataPut                
00002149  I2CMasterDataGet                
00002157  I2CMasterTimeoutSet             
00002169  I2CSlaveACKOverride             
0000219b  I2CSlaveACKValueSet             
000021cd  I2CSlaveStatus                  
000021dd  I2CSlaveDataPut                 
000021f5  I2CSlaveDataGet                 
00002205  I2CTxFIFOConfigSet              
0000222d  I2CTxFIFOFlush                  
00002245  I2CRxFIFOConfigSet              
0000226d  I2CRxFIFOFlush                  
00002285  I2CFIFOStatus                   
00002295  I2CFIFODataPut                  
000022b7  I2CFIFODataPutNonBlocking       
000022df  I2CFIFODataGet                  
000022f9  I2CFIFODataGetNonBlocking       
0000231f  I2CMasterBurstLengthSet         
00002335  I2CMasterBurstCountGet          
00002343  I2CMasterGlitchFilterConfigSet  
0000235b  I2CSlaveFIFOEnable              
00002373  I2CSlaveFIFODisable             
00002385  InitI2C0                        
000023cd  I2C0SlaveIntHandler             
000026d9  main                            
000027d7  IntMasterEnable                 
000027e7  IntMasterDisable                
000027f7  IntRegister                     
00002849  IntUnregister                   
0000285d  IntPriorityGroupingSet          
00002877  IntPriorityGroupingGet          
000028af  IntPrioritySet                  
000028ff  IntPriorityGet                  
00002923  IntEnable                       
00002995  IntDisable                      
00002a07  IntIsEnabled                    
00002a8d  IntPendSet                      
00002afd  IntPendClear                    
00002b4b  IntPriorityMaskSet              
00002b57  IntPriorityMaskGet              
00002b5f  IntTrigger                      
00002b95  __aeabi_memcpy                  
00002b95  __aeabi_memcpy4                 
00002b95  __aeabi_memcpy8                 
00002b95  memcpy                          
00002c31  __TI_decompress_lzss            
00002c99  __TI_auto_init_nobinit_nopinit  
00002cdd  CPUcpsid                        
00002ce9  CPUprimask                      
00002cf3  CPUcpsie                        
00002cff  CPUwfi                          
00002d03  CPUbasepriSet                   
00002d11  CPUbasepriGet                   
00002d1d  _c_int00_noargs                 
00002d51  __TI_zero_init_nomemset         
00002d6d  __TI_decompress_none            
00002d7b  ResetISR                        
00002d87  SysCtlDelay                     
00002d8d  _system_pre_init                
00002d91  C$$EXIT                         
00002d91  abort                           
000032f8  __TI_Handler_Table_Base         
00003304  __TI_Handler_Table_Limit        
00003320  __TI_CINIT_Base                 
00003338  __TI_CINIT_Limit                
20000000  __start___llvm_prf_cnts         
20000000  __stop___llvm_prf_cnts          
20000000  g_pfnRAMVectors                 
20000270  __stack                         
20000470  __STACK_END                     
20000470  __STACK_TOP                     
20000470  motor_position                  
20000474  return_vals                     
20000478  dataRead                        
20000479  update_stop_flag                
2000047a  avg_input_power                 
2000047b  power_generated                 
2000047c  motor_index                     
2000047d  loop_count                      
2000047e  func_test_result                
ffffffff  __TI_pprof_out_hndl             
ffffffff  __TI_prof_data_size             
ffffffff  __TI_prof_data_start            
ffffffff  __binit__                       
ffffffff  __c_args__                      
ffffffff  binit                           
UNDEFED   __mpu_init                      
UNDEFED   _system_post_cinit              

[224 symbols]
