******************************************************************************
                  TI ARM Linker PC v20.2.1                     
******************************************************************************
>> Linked Sat Jul 18 17:55:42 2020

OUTPUT FILE NAME:   <I2C_Comms.out>
ENTRY POINT SYMBOL: "_c_int00_noargs"  address: 00002b05


MEMORY CONFIGURATION

         name            origin    length      used     unused   attr    fill
----------------------  --------  ---------  --------  --------  ----  --------
  FLASH                 00000000   00040000  000031c4  0003ce3c  R  X
  SRAM                  20000000   00008000  00000478  00007b88  RW X


SEGMENT ALLOCATION MAP

run origin  load origin   length   init length attrs members
----------  ----------- ---------- ----------- ----- -------
00000000    00000000    000031c8   000031c8    r-x
  00000000    00000000    0000026c   0000026c    r-- .intvecs
  0000026c    0000026c    00002910   00002910    r-x .text
  00002b7c    00002b7c    00000608   00000608    r-- .const
  00003188    00003188    00000040   00000040    r-- .cinit
20000000    20000000    00000478   00000000    rw-
  20000000    20000000    0000026c   00000000    rw- .vtable
  2000026c    2000026c    00000004   00000000    rw- .bss
  20000270    20000270    00000200   00000000    rw- .stack
  20000470    20000470    00000008   00000000    rw- .data


SECTION ALLOCATION MAP

 output                                  attributes/
section   page    origin      length       input sections
--------  ----  ----------  ----------   ----------------
.intvecs   0    00000000    0000026c     
                  00000000    0000026c     tm4c123gh6pm_startup_ccs.obj (.intvecs)

.text      0    0000026c    00002910     
                  0000026c    00000f80     sysctl.obj (.text)
                  000011ec    00000b94     gpio.obj (.text)
                  00001d80    000006f8     i2c.obj (.text)
                  00002478    000003c0     interrupt.obj (.text)
                  00002838    0000010c     i2cFeedbackController.obj (.text)
                  00002944    0000009c     rtsv7M4_T_le_v4SPD16_eabi.lib : memcpy_t2.asm.obj (.text)
                  000029e0    00000068                                   : copy_decompress_lzss.c.obj (.text:decompress:lzss:__TI_decompress_lzss)
                  00002a48    00000044                                   : autoinit.c.obj (.text:__TI_auto_init_nobinit_nopinit:__TI_auto_init_nobinit_nopinit)
                  00002a8c    0000003e     cpu.obj (.text)
                  00002aca    00000002     --HOLE-- [fill = 0]
                  00002acc    00000038     main.obj (.text)
                  00002b04    00000034     rtsv7M4_T_le_v4SPD16_eabi.lib : boot_cortex_m.c.obj (.text:_c_int00_noargs:_c_int00_noargs)
                  00002b38    0000001c                                   : copy_zero_init.c.obj (.text:decompress:ZI:__TI_zero_init_nomemset:__TI_zero_init_nomemset)
                  00002b54    0000000e                                   : copy_decompress_none.c.obj (.text:decompress:none:__TI_decompress_none)
                  00002b62    0000000c     tm4c123gh6pm_startup_ccs.obj (.text)
                  00002b6e    00000006     sysctl.obj (.text:SysCtlDelay)
                  00002b74    00000004     rtsv7M4_T_le_v4SPD16_eabi.lib : pre_init.c.obj (.text:_system_pre_init)
                  00002b78    00000004                                   : exit.c.obj (.text:abort:abort)

.const     0    00002b7c    00000608     
                  00002b7c    000001b0     sysctl.obj (.const:g_pppui32XTALtoVCO)
                  00002d2c    000000d8     gpio.obj (.const:g_ppui32GPIOIntMapSnowflake)
                  00002e04    000000c0     gpio.obj (.const:g_ppui32GPIOIntMapBlizzard)
                  00002ec4    0000009c     interrupt.obj (.const:g_pui32Regs)
                  00002f60    00000090     gpio.obj (.const:g_pui32GPIOBaseAddrs)
                  00002ff0    0000006c     sysctl.obj (.const:g_pui32Xtals)
                  0000305c    00000050     i2c.obj (.const:g_ppui32I2CIntMapSnowflake)
                  000030ac    00000030     i2c.obj (.const:g_ppui32I2CIntMap)
                  000030dc    00000030     sysctl.obj (.const:g_sXTALtoMEMTIM)
                  0000310c    00000020     interrupt.obj (.const:g_pui32Priority)
                  0000312c    00000014     interrupt.obj (.const:g_pui32Dii16Regs)
                  00003140    00000014     interrupt.obj (.const:g_pui32EnRegs)
                  00003154    00000014     interrupt.obj (.const:g_pui32PendRegs)
                  00003168    00000014     interrupt.obj (.const:g_pui32UnpendRegs)
                  0000317c    00000008     sysctl.obj (.const:g_pui32VCOFrequencies)

.cinit     0    00003188    00000040     
                  00003188    0000000c     (__TI_handler_table)
                  00003194    0000000a     (.cinit..data.load) [load image, compression = lzss]
                  0000319e    00000002     --HOLE-- [fill = 0]
                  000031a0    00000008     (.cinit..bss.load) [load image, compression = zero_init]
                  000031a8    00000008     (.cinit..vtable.load) [load image, compression = zero_init]
                  000031b0    00000018     (__TI_cinit_table)

.init_array 
*          0    00000000    00000000     UNINITIALIZED

.vtable    0    20000000    0000026c     UNINITIALIZED
                  20000000    0000026c     interrupt.obj (.vtable)

.bss       0    2000026c    00000004     UNINITIALIZED
                  2000026c    00000004     (.common:positionValue)

.data      0    20000470    00000008     UNINITIALIZED
                  20000470    00000008     i2cFeedbackController.obj (.data)

.stack     0    20000270    00000200     UNINITIALIZED
                  20000270    00000004     rtsv7M4_T_le_v4SPD16_eabi.lib : boot_cortex_m.c.obj (.stack)
                  20000274    000001fc     --HOLE--

__llvm_prf_cnts 
*          0    20000000    00000000     UNINITIALIZED

MODULE SUMMARY

       Module                         code    ro data   rw data
       ------                         ----    -------   -------
    .\
       tm4c123gh6pm_startup_ccs.obj   12      620       0      
       i2cFeedbackController.obj      268     0         12     
       main.obj                       56      0         0      
    +--+------------------------------+-------+---------+---------+
       Total:                         336     620       12     
                                                               
    .\driverlib\
       sysctl.obj                     3974    596       0      
       gpio.obj                       2964    552       0      
       i2c.obj                        1784    128       0      
       interrupt.obj                  960     268       620    
       cpu.obj                        62      0         0      
    +--+------------------------------+-------+---------+---------+
       Total:                         9744    1544      620    
                                                               
    C:\ti\ccs1010\ccs\tools\compiler\ti-cgt-arm_20.2.1.LTS\lib\rtsv7M4_T_le_v4SPD16_eabi.lib
       memcpy_t2.asm.obj              156     0         0      
       copy_decompress_lzss.c.obj     104     0         0      
       autoinit.c.obj                 68      0         0      
       boot_cortex_m.c.obj            52      0         0      
       copy_zero_init.c.obj           28      0         0      
       copy_decompress_none.c.obj     14      0         0      
       exit.c.obj                     4       0         0      
       pre_init.c.obj                 4       0         0      
    +--+------------------------------+-------+---------+---------+
       Total:                         430     0         0      
                                                               
       Stack:                         0       0         512    
       Linker Generated:              0       62        0      
    +--+------------------------------+-------+---------+---------+
       Grand Total:                   10510   2226      1144   


LINKER GENERATED COPY TABLES

__TI_cinit_table @ 000031b0 records: 3, size/record: 8, table size: 24
	.data: load addr=00003194, load size=0000000a bytes, run addr=20000470, run size=00000008 bytes, compression=lzss
	.bss: load addr=000031a0, load size=00000008 bytes, run addr=2000026c, run size=00000004 bytes, compression=zero_init
	.vtable: load addr=000031a8, load size=00000008 bytes, run addr=20000000, run size=0000026c bytes, compression=zero_init


LINKER GENERATED HANDLER TABLE

__TI_handler_table @ 00003188 records: 3, size/record: 4, table size: 12
	index: 0, handler: __TI_zero_init
	index: 1, handler: __TI_decompress_lzss
	index: 2, handler: __TI_decompress_none


GLOBAL SYMBOLS: SORTED ALPHABETICALLY BY Name 

address   name                            
-------   ----                            
00002b79  C$$EXIT                         
00002ac1  CPUbasepriGet                   
00002ab3  CPUbasepriSet                   
00002a8d  CPUcpsid                        
00002aa3  CPUcpsie                        
00002a99  CPUprimask                      
00002aaf  CPUwfi                          
00001d59  GPIOADCTriggerDisable           
00001d3b  GPIOADCTriggerEnable            
00001d1d  GPIODMATriggerDisable           
00001cff  GPIODMATriggerEnable            
000012a7  GPIODirModeGet                  
0000124b  GPIODirModeSet                  
0000180f  GPIOIntClear                    
000017d3  GPIOIntDisable                  
000017b9  GPIOIntEnable                   
00001823  GPIOIntRegister                 
0000185b  GPIOIntRegisterPin              
000017ed  GPIOIntStatus                   
00001397  GPIOIntTypeGet                  
000012f3  GPIOIntTypeSet                  
00001841  GPIOIntUnregister               
00001889  GPIOIntUnregisterPin            
00001667  GPIOPadConfigGet                
0000142d  GPIOPadConfigSet                
00001ca1  GPIOPinConfigure                
000018ad  GPIOPinRead                     
000018e5  GPIOPinTypeADC                  
00001909  GPIOPinTypeCAN                  
0000192d  GPIOPinTypeComparator           
00001951  GPIOPinTypeComparatorOutput     
00001975  GPIOPinTypeDIVSCLK              
00001999  GPIOPinTypeEPI                  
000019bd  GPIOPinTypeEthernetLED          
000019e1  GPIOPinTypeEthernetMII          
00001a05  GPIOPinTypeGPIOInput            
00001a29  GPIOPinTypeGPIOOutput           
00001a4d  GPIOPinTypeGPIOOutputOD         
00001a71  GPIOPinTypeHibernateRTCCLK      
00001a95  GPIOPinTypeI2C                  
00001ab9  GPIOPinTypeI2CSCL               
00001add  GPIOPinTypeLCD                  
00001b01  GPIOPinTypeOneWire              
00001b25  GPIOPinTypePWM                  
00001b49  GPIOPinTypeQEI                  
00001b6d  GPIOPinTypeSSI                  
00001b91  GPIOPinTypeTimer                
00001bb5  GPIOPinTypeTrace                
00001bd9  GPIOPinTypeUART                 
00001bfd  GPIOPinTypeUSBAnalog            
00001c21  GPIOPinTypeUSBDigital           
00001c45  GPIOPinTypeWakeHigh             
00001c6b  GPIOPinTypeWakeLow              
00001c91  GPIOPinWakeStatus               
000018c5  GPIOPinWrite                    
0000286b  I2C0SlaveIntHandler             
00002377  I2CFIFODataGet                  
00002391  I2CFIFODataGetNonBlocking       
0000232d  I2CFIFODataPut                  
0000234f  I2CFIFODataPutNonBlocking       
0000231d  I2CFIFOStatus                   
00001f11  I2CIntRegister                  
00001f2f  I2CIntUnregister                
00002453  I2CLoopbackEnable               
000023cd  I2CMasterBurstCountGet          
000023b7  I2CMasterBurstLengthSet         
00002175  I2CMasterBusBusy                
0000215d  I2CMasterBusy                   
0000218d  I2CMasterControl                
000021e1  I2CMasterDataGet                
000021cb  I2CMasterDataPut                
00001edd  I2CMasterDisable                
00001ea9  I2CMasterEnable                 
0000219f  I2CMasterErr                    
000023db  I2CMasterGlitchFilterConfigSet  
00001ddf  I2CMasterInitExpClk             
000020d7  I2CMasterIntClear               
000020f5  I2CMasterIntClearEx             
00001fa3  I2CMasterIntDisable             
00001fb3  I2CMasterIntDisableEx           
00001f49  I2CMasterIntEnable              
00001f59  I2CMasterIntEnableEx            
00001ffd  I2CMasterIntStatus              
00002041  I2CMasterIntStatusEx            
0000214f  I2CMasterLineStateGet           
0000212d  I2CMasterSlaveAddrSet           
000021ef  I2CMasterTimeoutSet             
000022dd  I2CRxFIFOConfigSet              
00002305  I2CRxFIFOFlush                  
00002201  I2CSlaveACKOverride             
00002233  I2CSlaveACKValueSet             
00001e6b  I2CSlaveAddressSet              
0000228d  I2CSlaveDataGet                 
00002275  I2CSlaveDataPut                 
00001ef3  I2CSlaveDisable                 
00001ebf  I2CSlaveEnable                  
00002441  I2CSlaveFIFODisable             
00002429  I2CSlaveFIFOEnable              
00001e51  I2CSlaveInit                    
00002107  I2CSlaveIntClear                
00002119  I2CSlaveIntClearEx              
00001fcb  I2CSlaveIntDisable              
00001fe3  I2CSlaveIntDisableEx            
00001f71  I2CSlaveIntEnable               
00001f89  I2CSlaveIntEnableEx             
0000206d  I2CSlaveIntStatus               
000020b5  I2CSlaveIntStatusEx             
00002265  I2CSlaveStatus                  
0000229d  I2CTxFIFOConfigSet              
000022c5  I2CTxFIFOFlush                  
00002839  InitI2C0                        
00002639  IntDisable                      
000025c7  IntEnable                       
000026ab  IntIsEnabled                    
0000248b  IntMasterDisable                
0000247b  IntMasterEnable                 
000027a1  IntPendClear                    
00002731  IntPendSet                      
000025a3  IntPriorityGet                  
0000251b  IntPriorityGroupingGet          
00002501  IntPriorityGroupingSet          
000027fb  IntPriorityMaskGet              
000027ef  IntPriorityMaskSet              
00002553  IntPrioritySet                  
0000249b  IntRegister                     
00002803  IntTrigger                      
000024ed  IntUnregister                   
00002b63  ResetISR                        
000011a9  SysCtlAltClkConfig              
000008d1  SysCtlClockFreqSet              
00000d99  SysCtlClockGet                  
0000118d  SysCtlClockOutConfig            
00000bc9  SysCtlClockSet                  
000007d5  SysCtlDeepSleep                 
00000f5d  SysCtlDeepSleepClockConfigSet   
00000f3f  SysCtlDeepSleepClockSet         
000007b5  SysCtlDeepSleepPowerSet         
00002b6f  SysCtlDelay                     
00000363  SysCtlFlashSectorSizeGet        
00000337  SysCtlFlashSizeGet              
00001033  SysCtlGPIOAHBDisable            
00001017  SysCtlGPIOAHBEnable             
00000749  SysCtlIntClear                  
00000731  SysCtlIntDisable                
0000071d  SysCtlIntEnable                 
000006f5  SysCtlIntRegister               
00000759  SysCtlIntStatus                 
0000070d  SysCtlIntUnregister             
0000079b  SysCtlLDODeepSleepGet           
0000078b  SysCtlLDODeepSleepSet           
00000785  SysCtlLDOSleepGet               
00000775  SysCtlLDOSleepSet               
0000080b  SysCtlMOSCConfigSet             
00001171  SysCtlNMIClear                  
0000115d  SysCtlNMIStatus                 
00000821  SysCtlPIOSCCalibrate            
00001001  SysCtlPWMClockGet               
00000fe7  SysCtlPWMClockSet               
000006a1  SysCtlPeripheralClockGating     
00000659  SysCtlPeripheralDeepSleepDisable
00000609  SysCtlPeripheralDeepSleepEnable 
00000545  SysCtlPeripheralDisable         
00000509  SysCtlPeripheralEnable          
00000445  SysCtlPeripheralPowerOff        
00000409  SysCtlPeripheralPowerOn         
00000389  SysCtlPeripheralPresent         
000003c9  SysCtlPeripheralReady           
00000481  SysCtlPeripheralReset           
000005cd  SysCtlPeripheralSleepDisable    
00000589  SysCtlPeripheralSleepEnable     
000007c5  SysCtlReset                     
00000881  SysCtlResetBehaviorGet          
00000871  SysCtlResetBehaviorSet          
000007f7  SysCtlResetCauseClear           
000007f1  SysCtlResetCauseGet             
0000032d  SysCtlSRAMSizeGet               
000007cd  SysCtlSleep                     
000007a1  SysCtlSleepPowerSet             
0000105b  SysCtlUSBPLLDisable             
0000104f  SysCtlUSBPLLEnable              
000010a1  SysCtlVCOGet                    
00001089  SysCtlVoltageEventClear         
0000106d  SysCtlVoltageEventConfig        
0000107d  SysCtlVoltageEventStatus        
20000470  __STACK_END                     
00000200  __STACK_SIZE                    
20000470  __STACK_TOP                     
000031b0  __TI_CINIT_Base                 
000031c8  __TI_CINIT_Limit                
00003188  __TI_Handler_Table_Base         
00003194  __TI_Handler_Table_Limit        
00002a49  __TI_auto_init_nobinit_nopinit  
000029e1  __TI_decompress_lzss            
00002b55  __TI_decompress_none            
ffffffff  __TI_pprof_out_hndl             
ffffffff  __TI_prof_data_size             
ffffffff  __TI_prof_data_start            
00000000  __TI_static_base__              
00002b39  __TI_zero_init_nomemset         
00002945  __aeabi_memcpy                  
00002945  __aeabi_memcpy4                 
00002945  __aeabi_memcpy8                 
ffffffff  __binit__                       
ffffffff  __c_args__                      
UNDEFED   __mpu_init                      
20000270  __stack                         
20000000  __start___llvm_prf_cnts         
20000000  __stop___llvm_prf_cnts          
00002b05  _c_int00_noargs                 
UNDEFED   _system_post_cinit              
00002b75  _system_pre_init                
00002b79  abort                           
ffffffff  binit                           
20000470  dataRead                        
20000000  g_pfnRAMVectors                 
00000000  g_pfnVectors                    
20000474  i                               
00002acd  main                            
00002945  memcpy                          
2000026c  positionValue                   


GLOBAL SYMBOLS: SORTED BY Symbol Address 

address   name                            
-------   ----                            
00000000  __TI_static_base__              
00000000  g_pfnVectors                    
00000200  __STACK_SIZE                    
0000032d  SysCtlSRAMSizeGet               
00000337  SysCtlFlashSizeGet              
00000363  SysCtlFlashSectorSizeGet        
00000389  SysCtlPeripheralPresent         
000003c9  SysCtlPeripheralReady           
00000409  SysCtlPeripheralPowerOn         
00000445  SysCtlPeripheralPowerOff        
00000481  SysCtlPeripheralReset           
00000509  SysCtlPeripheralEnable          
00000545  SysCtlPeripheralDisable         
00000589  SysCtlPeripheralSleepEnable     
000005cd  SysCtlPeripheralSleepDisable    
00000609  SysCtlPeripheralDeepSleepEnable 
00000659  SysCtlPeripheralDeepSleepDisable
000006a1  SysCtlPeripheralClockGating     
000006f5  SysCtlIntRegister               
0000070d  SysCtlIntUnregister             
0000071d  SysCtlIntEnable                 
00000731  SysCtlIntDisable                
00000749  SysCtlIntClear                  
00000759  SysCtlIntStatus                 
00000775  SysCtlLDOSleepSet               
00000785  SysCtlLDOSleepGet               
0000078b  SysCtlLDODeepSleepSet           
0000079b  SysCtlLDODeepSleepGet           
000007a1  SysCtlSleepPowerSet             
000007b5  SysCtlDeepSleepPowerSet         
000007c5  SysCtlReset                     
000007cd  SysCtlSleep                     
000007d5  SysCtlDeepSleep                 
000007f1  SysCtlResetCauseGet             
000007f7  SysCtlResetCauseClear           
0000080b  SysCtlMOSCConfigSet             
00000821  SysCtlPIOSCCalibrate            
00000871  SysCtlResetBehaviorSet          
00000881  SysCtlResetBehaviorGet          
000008d1  SysCtlClockFreqSet              
00000bc9  SysCtlClockSet                  
00000d99  SysCtlClockGet                  
00000f3f  SysCtlDeepSleepClockSet         
00000f5d  SysCtlDeepSleepClockConfigSet   
00000fe7  SysCtlPWMClockSet               
00001001  SysCtlPWMClockGet               
00001017  SysCtlGPIOAHBEnable             
00001033  SysCtlGPIOAHBDisable            
0000104f  SysCtlUSBPLLEnable              
0000105b  SysCtlUSBPLLDisable             
0000106d  SysCtlVoltageEventConfig        
0000107d  SysCtlVoltageEventStatus        
00001089  SysCtlVoltageEventClear         
000010a1  SysCtlVCOGet                    
0000115d  SysCtlNMIStatus                 
00001171  SysCtlNMIClear                  
0000118d  SysCtlClockOutConfig            
000011a9  SysCtlAltClkConfig              
0000124b  GPIODirModeSet                  
000012a7  GPIODirModeGet                  
000012f3  GPIOIntTypeSet                  
00001397  GPIOIntTypeGet                  
0000142d  GPIOPadConfigSet                
00001667  GPIOPadConfigGet                
000017b9  GPIOIntEnable                   
000017d3  GPIOIntDisable                  
000017ed  GPIOIntStatus                   
0000180f  GPIOIntClear                    
00001823  GPIOIntRegister                 
00001841  GPIOIntUnregister               
0000185b  GPIOIntRegisterPin              
00001889  GPIOIntUnregisterPin            
000018ad  GPIOPinRead                     
000018c5  GPIOPinWrite                    
000018e5  GPIOPinTypeADC                  
00001909  GPIOPinTypeCAN                  
0000192d  GPIOPinTypeComparator           
00001951  GPIOPinTypeComparatorOutput     
00001975  GPIOPinTypeDIVSCLK              
00001999  GPIOPinTypeEPI                  
000019bd  GPIOPinTypeEthernetLED          
000019e1  GPIOPinTypeEthernetMII          
00001a05  GPIOPinTypeGPIOInput            
00001a29  GPIOPinTypeGPIOOutput           
00001a4d  GPIOPinTypeGPIOOutputOD         
00001a71  GPIOPinTypeHibernateRTCCLK      
00001a95  GPIOPinTypeI2C                  
00001ab9  GPIOPinTypeI2CSCL               
00001add  GPIOPinTypeLCD                  
00001b01  GPIOPinTypeOneWire              
00001b25  GPIOPinTypePWM                  
00001b49  GPIOPinTypeQEI                  
00001b6d  GPIOPinTypeSSI                  
00001b91  GPIOPinTypeTimer                
00001bb5  GPIOPinTypeTrace                
00001bd9  GPIOPinTypeUART                 
00001bfd  GPIOPinTypeUSBAnalog            
00001c21  GPIOPinTypeUSBDigital           
00001c45  GPIOPinTypeWakeHigh             
00001c6b  GPIOPinTypeWakeLow              
00001c91  GPIOPinWakeStatus               
00001ca1  GPIOPinConfigure                
00001cff  GPIODMATriggerEnable            
00001d1d  GPIODMATriggerDisable           
00001d3b  GPIOADCTriggerEnable            
00001d59  GPIOADCTriggerDisable           
00001ddf  I2CMasterInitExpClk             
00001e51  I2CSlaveInit                    
00001e6b  I2CSlaveAddressSet              
00001ea9  I2CMasterEnable                 
00001ebf  I2CSlaveEnable                  
00001edd  I2CMasterDisable                
00001ef3  I2CSlaveDisable                 
00001f11  I2CIntRegister                  
00001f2f  I2CIntUnregister                
00001f49  I2CMasterIntEnable              
00001f59  I2CMasterIntEnableEx            
00001f71  I2CSlaveIntEnable               
00001f89  I2CSlaveIntEnableEx             
00001fa3  I2CMasterIntDisable             
00001fb3  I2CMasterIntDisableEx           
00001fcb  I2CSlaveIntDisable              
00001fe3  I2CSlaveIntDisableEx            
00001ffd  I2CMasterIntStatus              
00002041  I2CMasterIntStatusEx            
0000206d  I2CSlaveIntStatus               
000020b5  I2CSlaveIntStatusEx             
000020d7  I2CMasterIntClear               
000020f5  I2CMasterIntClearEx             
00002107  I2CSlaveIntClear                
00002119  I2CSlaveIntClearEx              
0000212d  I2CMasterSlaveAddrSet           
0000214f  I2CMasterLineStateGet           
0000215d  I2CMasterBusy                   
00002175  I2CMasterBusBusy                
0000218d  I2CMasterControl                
0000219f  I2CMasterErr                    
000021cb  I2CMasterDataPut                
000021e1  I2CMasterDataGet                
000021ef  I2CMasterTimeoutSet             
00002201  I2CSlaveACKOverride             
00002233  I2CSlaveACKValueSet             
00002265  I2CSlaveStatus                  
00002275  I2CSlaveDataPut                 
0000228d  I2CSlaveDataGet                 
0000229d  I2CTxFIFOConfigSet              
000022c5  I2CTxFIFOFlush                  
000022dd  I2CRxFIFOConfigSet              
00002305  I2CRxFIFOFlush                  
0000231d  I2CFIFOStatus                   
0000232d  I2CFIFODataPut                  
0000234f  I2CFIFODataPutNonBlocking       
00002377  I2CFIFODataGet                  
00002391  I2CFIFODataGetNonBlocking       
000023b7  I2CMasterBurstLengthSet         
000023cd  I2CMasterBurstCountGet          
000023db  I2CMasterGlitchFilterConfigSet  
00002429  I2CSlaveFIFOEnable              
00002441  I2CSlaveFIFODisable             
00002453  I2CLoopbackEnable               
0000247b  IntMasterEnable                 
0000248b  IntMasterDisable                
0000249b  IntRegister                     
000024ed  IntUnregister                   
00002501  IntPriorityGroupingSet          
0000251b  IntPriorityGroupingGet          
00002553  IntPrioritySet                  
000025a3  IntPriorityGet                  
000025c7  IntEnable                       
00002639  IntDisable                      
000026ab  IntIsEnabled                    
00002731  IntPendSet                      
000027a1  IntPendClear                    
000027ef  IntPriorityMaskSet              
000027fb  IntPriorityMaskGet              
00002803  IntTrigger                      
00002839  InitI2C0                        
0000286b  I2C0SlaveIntHandler             
00002945  __aeabi_memcpy                  
00002945  __aeabi_memcpy4                 
00002945  __aeabi_memcpy8                 
00002945  memcpy                          
000029e1  __TI_decompress_lzss            
00002a49  __TI_auto_init_nobinit_nopinit  
00002a8d  CPUcpsid                        
00002a99  CPUprimask                      
00002aa3  CPUcpsie                        
00002aaf  CPUwfi                          
00002ab3  CPUbasepriSet                   
00002ac1  CPUbasepriGet                   
00002acd  main                            
00002b05  _c_int00_noargs                 
00002b39  __TI_zero_init_nomemset         
00002b55  __TI_decompress_none            
00002b63  ResetISR                        
00002b6f  SysCtlDelay                     
00002b75  _system_pre_init                
00002b79  C$$EXIT                         
00002b79  abort                           
00003188  __TI_Handler_Table_Base         
00003194  __TI_Handler_Table_Limit        
000031b0  __TI_CINIT_Base                 
000031c8  __TI_CINIT_Limit                
20000000  __start___llvm_prf_cnts         
20000000  __stop___llvm_prf_cnts          
20000000  g_pfnRAMVectors                 
2000026c  positionValue                   
20000270  __stack                         
20000470  __STACK_END                     
20000470  __STACK_TOP                     
20000470  dataRead                        
20000474  i                               
ffffffff  __TI_pprof_out_hndl             
ffffffff  __TI_prof_data_size             
ffffffff  __TI_prof_data_start            
ffffffff  __binit__                       
ffffffff  __c_args__                      
ffffffff  binit                           
UNDEFED   __mpu_init                      
UNDEFED   _system_post_cinit              

[220 symbols]
