******************************************************************************
                  TI ARM Linker PC v18.12.6                    
******************************************************************************
>> Linked Wed Nov 11 06:01:41 2020

OUTPUT FILE NAME:   <Senior_Design.out>
ENTRY POINT SYMBOL: "_c_int00_noargs"  address: 00002a81


MEMORY CONFIGURATION

         name            origin    length      used     unused   attr    fill
----------------------  --------  ---------  --------  --------  ----  --------
  FLASH                 00000000   00040000  00003088  0003cf78  R  X
  SRAM                  20000000   00008000  00000474  00007b8c  RW X


SEGMENT ALLOCATION MAP

run origin  load origin   length   init length attrs members
----------  ----------- ---------- ----------- ----- -------
00000000    00000000    00003088   00003088    r-x
  00000000    00000000    0000026c   0000026c    r-- .intvecs
  0000026c    0000026c    0000288c   0000288c    r-x .text
  00002af8    00002af8    00000560   00000560    r-- .const
  00003058    00003058    00000030   00000030    r-- .cinit
20000000    20000000    00000478   00000000    rw-
  20000000    20000000    0000026c   00000000    rw- .vtable
  20000270    20000270    00000200   00000000    rw- .stack
  20000470    20000470    00000008   00000000    rw- .data


SECTION ALLOCATION MAP

 output                                  attributes/
section   page    origin      length       input sections
--------  ----  ----------  ----------   ----------------
.intvecs   0    00000000    0000026c     
                  00000000    0000026c     tm4c123gh6pm_startup_ccs.obj (.intvecs)

.text      0    0000026c    0000288c     
                  0000026c    00000ef4     sysctl.obj (.text)
                  00001160    00000b88     gpio.obj (.text)
                  00001ce8    0000069c     i2c.obj (.text)
                  00002384    000003c0     interrupt.obj (.text)
                  00002744    000001b4     main.obj (.text)
                  000028f8    0000009c     rtsv7M4_T_le_v4SPD16_eabi.lib : memcpy_t2.asm.obj (.text)
                  00002994    00000068                                   : copy_decompress_lzss.c.obj (.text:decompress:lzss:__TI_decompress_lzss)
                  000029fc    00000044                                   : autoinit.c.obj (.text:__TI_auto_init_nobinit_nopinit:__TI_auto_init_nobinit_nopinit)
                  00002a40    0000003e     cpu.obj (.text)
                  00002a7e    00000002     --HOLE-- [fill = 0]
                  00002a80    00000034     rtsv7M4_T_le_v4SPD16_eabi.lib : boot_cortex_m.c.obj (.text:_c_int00_noargs:_c_int00_noargs)
                  00002ab4    0000001c                                   : copy_zero_init.c.obj (.text:decompress:ZI:__TI_zero_init_nomemset:__TI_zero_init_nomemset)
                  00002ad0    0000000e                                   : copy_decompress_none.c.obj (.text:decompress:none:__TI_decompress_none)
                  00002ade    0000000c     tm4c123gh6pm_startup_ccs.obj (.text)
                  00002aea    00000006     sysctl.obj (.text:SysCtlDelay)
                  00002af0    00000004     rtsv7M4_T_le_v4SPD16_eabi.lib : pre_init.c.obj (.text:_system_pre_init)
                  00002af4    00000004                                   : exit.c.obj (.text:abort:abort)

.const     0    00002af8    00000560     
                  00002af8    00000120     sysctl.obj (.const:g_pppui32XTALtoVCO)
                  00002c18    000000c0     gpio.obj (.const:g_ppui32GPIOIntMapBlizzard)
                  00002cd8    000000c0     gpio.obj (.const:g_ppui32GPIOIntMapSnowflake)
                  00002d98    0000009c     interrupt.obj (.const:g_pui32Regs)
                  00002e34    00000090     gpio.obj (.const:g_pui32GPIOBaseAddrs)
                  00002ec4    0000006c     sysctl.obj (.const:g_pui32Xtals)
                  00002f30    00000050     i2c.obj (.const:g_ppui32I2CIntMapSnowflake)
                  00002f80    00000030     i2c.obj (.const:g_ppui32I2CIntMap)
                  00002fb0    00000030     sysctl.obj (.const:g_sXTALtoMEMTIM)
                  00002fe0    00000020     interrupt.obj (.const:g_pui32Priority)
                  00003000    00000014     interrupt.obj (.const:g_pui32Dii16Regs)
                  00003014    00000014     interrupt.obj (.const:g_pui32EnRegs)
                  00003028    00000014     interrupt.obj (.const:g_pui32PendRegs)
                  0000303c    00000014     interrupt.obj (.const:g_pui32UnpendRegs)
                  00003050    00000008     sysctl.obj (.const:g_pui32VCOFrequencies)

.cinit     0    00003058    00000030     
                  00003058    0000000c     (__TI_handler_table)
                  00003064    00000004     --HOLE-- [fill = 0]
                  00003068    00000008     (.cinit..vtable.load) [load image, compression = zero_init]
                  00003070    00000007     (.cinit..data.load) [load image, compression = lzss]
                  00003077    00000001     --HOLE-- [fill = 0]
                  00003078    00000010     (__TI_cinit_table)

.init_array 
*          0    00000000    00000000     UNINITIALIZED

.vtable    0    20000000    0000026c     UNINITIALIZED
                  20000000    0000026c     interrupt.obj (.vtable)

.data      0    20000470    00000008     UNINITIALIZED
                  20000470    00000008     main.obj (.data)

.stack     0    20000270    00000200     UNINITIALIZED
                  20000270    00000004     rtsv7M4_T_le_v4SPD16_eabi.lib : boot_cortex_m.c.obj (.stack)
                  20000274    000001fc     --HOLE--

MODULE SUMMARY

       Module                         code    ro data   rw data
       ------                         ----    -------   -------
    .\
       tm4c123gh6pm_startup_ccs.obj   12      620       0      
       main.obj                       436     0         8      
    +--+------------------------------+-------+---------+---------+
       Total:                         448     620       8      
                                                               
    .\driverlib\
       sysctl.obj                     3834    452       0      
       gpio.obj                       2952    528       0      
       interrupt.obj                  960     268       620    
       i2c.obj                        1692    128       0      
       cpu.obj                        62      0         0      
    +--+------------------------------+-------+---------+---------+
       Total:                         9500    1376      620    
                                                               
    C:\ti\ccs930\ccs\tools\compiler\ti-cgt-arm_18.12.6.LTS\lib\rtsv7M4_T_le_v4SPD16_eabi.lib
       memcpy_t2.asm.obj              156     0         0      
       copy_decompress_lzss.c.obj     104     0         0      
       autoinit.c.obj                 68      0         0      
       boot_cortex_m.c.obj            52      0         0      
       copy_zero_init.c.obj           28      0         0      
       copy_decompress_none.c.obj     14      0         0      
       exit.c.obj                     4       0         0      
       pre_init.c.obj                 4       0         0      
    +--+------------------------------+-------+---------+---------+
       Total:                         430     0         0      
                                                               
       Stack:                         0       0         512    
       Linker Generated:              0       43        0      
    +--+------------------------------+-------+---------+---------+
       Grand Total:                   10378   2039      1140   


LINKER GENERATED COPY TABLES

__TI_cinit_table @ 00003078 records: 2, size/record: 8, table size: 16
	.vtable: load addr=00003068, load size=00000008 bytes, run addr=20000000, run size=0000026c bytes, compression=zero_init
	.data: load addr=00003070, load size=00000007 bytes, run addr=20000470, run size=00000008 bytes, compression=lzss


LINKER GENERATED HANDLER TABLE

__TI_handler_table @ 00003058 records: 3, size/record: 4, table size: 12
	index: 0, handler: __TI_zero_init
	index: 1, handler: __TI_decompress_lzss
	index: 2, handler: __TI_decompress_none


GLOBAL SYMBOLS: SORTED ALPHABETICALLY BY Name 

address   name                            
-------   ----                            
00002af5  C$$EXIT                         
00002a75  CPUbasepriGet                   
00002a67  CPUbasepriSet                   
00002a41  CPUcpsid                        
00002a57  CPUcpsie                        
00002a4d  CPUprimask                      
00002a63  CPUwfi                          
00001cc3  GPIOADCTriggerDisable           
00001ca5  GPIOADCTriggerEnable            
00001c87  GPIODMATriggerDisable           
00001c69  GPIODMATriggerEnable            
0000121b  GPIODirModeGet                  
000011bf  GPIODirModeSet                  
00001783  GPIOIntClear                    
00001747  GPIOIntDisable                  
0000172d  GPIOIntEnable                   
00001797  GPIOIntRegister                 
00001761  GPIOIntStatus                   
0000130b  GPIOIntTypeGet                  
00001267  GPIOIntTypeSet                  
000017b5  GPIOIntUnregister               
000015db  GPIOPadConfigGet                
000013a1  GPIOPadConfigSet                
00001c0b  GPIOPinConfigure                
000017cf  GPIOPinRead                     
00001807  GPIOPinTypeADC                  
0000182b  GPIOPinTypeCAN                  
00001bd7  GPIOPinTypeCIR                  
0000184f  GPIOPinTypeComparator           
00001873  GPIOPinTypeEPI                  
00001897  GPIOPinTypeEthernetLED          
000018bb  GPIOPinTypeEthernetMII          
000018df  GPIOPinTypeGPIOInput            
00001903  GPIOPinTypeGPIOOutput           
00001927  GPIOPinTypeGPIOOutputOD         
0000194b  GPIOPinTypeI2C                  
0000196f  GPIOPinTypeI2CSCL               
00001b8f  GPIOPinTypeKBColumn             
00001b6b  GPIOPinTypeKBRow                
00001993  GPIOPinTypeLCD                  
00001bb3  GPIOPinTypeLEDSeq               
000019b7  GPIOPinTypeLPC                  
000019db  GPIOPinTypePECIRx               
000019ff  GPIOPinTypePECITx               
00001a23  GPIOPinTypePWM                  
00001a47  GPIOPinTypeQEI                  
00001a6b  GPIOPinTypeSSI                  
00001a8f  GPIOPinTypeTimer                
00001ab3  GPIOPinTypeUART                 
00001ad7  GPIOPinTypeUSBAnalog            
00001afb  GPIOPinTypeUSBDigital           
00001b1f  GPIOPinTypeWakeHigh             
00001b45  GPIOPinTypeWakeLow              
00001bfb  GPIOPinWakeStatus               
000017e7  GPIOPinWrite                    
00002777  I2C0SlaveIntHandler             
000022df  I2CFIFODataGet                  
000022f9  I2CFIFODataGetNonBlocking       
00002295  I2CFIFODataPut                  
000022b7  I2CFIFODataPutNonBlocking       
00002285  I2CFIFOStatus                   
00001e79  I2CIntRegister                  
00001e97  I2CIntUnregister                
00002335  I2CMasterBurstCountGet          
0000231f  I2CMasterBurstLengthSet         
000020dd  I2CMasterBusBusy                
000020c5  I2CMasterBusy                   
000020f5  I2CMasterControl                
00002149  I2CMasterDataGet                
00002133  I2CMasterDataPut                
00001e45  I2CMasterDisable                
00001e11  I2CMasterEnable                 
00002107  I2CMasterErr                    
00002343  I2CMasterGlitchFilterConfigSet  
00001d47  I2CMasterInitExpClk             
0000203f  I2CMasterIntClear               
0000205d  I2CMasterIntClearEx             
00001f0b  I2CMasterIntDisable             
00001f1b  I2CMasterIntDisableEx           
00001eb1  I2CMasterIntEnable              
00001ec1  I2CMasterIntEnableEx            
00001f65  I2CMasterIntStatus              
00001fa9  I2CMasterIntStatusEx            
000020b7  I2CMasterLineStateGet           
00002095  I2CMasterSlaveAddrSet           
00002157  I2CMasterTimeoutSet             
00002245  I2CRxFIFOConfigSet              
0000226d  I2CRxFIFOFlush                  
00002169  I2CSlaveACKOverride             
0000219b  I2CSlaveACKValueSet             
00001dd3  I2CSlaveAddressSet              
000021f5  I2CSlaveDataGet                 
000021dd  I2CSlaveDataPut                 
00001e5b  I2CSlaveDisable                 
00001e27  I2CSlaveEnable                  
00002373  I2CSlaveFIFODisable             
0000235b  I2CSlaveFIFOEnable              
00001db9  I2CSlaveInit                    
0000206f  I2CSlaveIntClear                
00002081  I2CSlaveIntClearEx              
00001f33  I2CSlaveIntDisable              
00001f4b  I2CSlaveIntDisableEx            
00001ed9  I2CSlaveIntEnable               
00001ef1  I2CSlaveIntEnableEx             
00001fd5  I2CSlaveIntStatus               
0000201d  I2CSlaveIntStatusEx             
000021cd  I2CSlaveStatus                  
00002205  I2CTxFIFOConfigSet              
0000222d  I2CTxFIFOFlush                  
00002745  InitI2C0                        
00002545  IntDisable                      
000024d3  IntEnable                       
000025b7  IntIsEnabled                    
00002397  IntMasterDisable                
00002387  IntMasterEnable                 
000026ad  IntPendClear                    
0000263d  IntPendSet                      
000024af  IntPriorityGet                  
00002427  IntPriorityGroupingGet          
0000240d  IntPriorityGroupingSet          
00002707  IntPriorityMaskGet              
000026fb  IntPriorityMaskSet              
0000245f  IntPrioritySet                  
000023a7  IntRegister                     
0000270f  IntTrigger                      
000023f9  IntUnregister                   
00002adf  ResetISR                        
000010ff  SysCtlAltClkConfig              
000008d5  SysCtlClockFreqSet              
00000db9  SysCtlClockGet                  
000010e3  SysCtlClockOutConfig            
00000bed  SysCtlClockSet                  
000007d5  SysCtlDeepSleep                 
00000f85  SysCtlDeepSleepClockConfigSet   
00000f67  SysCtlDeepSleepClockSet         
000007b5  SysCtlDeepSleepPowerSet         
00002aeb  SysCtlDelay                     
00000363  SysCtlFlashSectorSizeGet        
00000337  SysCtlFlashSizeGet              
0000105b  SysCtlGPIOAHBDisable            
0000103f  SysCtlGPIOAHBEnable             
00000749  SysCtlIntClear                  
00000731  SysCtlIntDisable                
0000071d  SysCtlIntEnable                 
000006f5  SysCtlIntRegister               
00000759  SysCtlIntStatus                 
0000070d  SysCtlIntUnregister             
0000079b  SysCtlLDODeepSleepGet           
0000078b  SysCtlLDODeepSleepSet           
00000785  SysCtlLDOSleepGet               
00000775  SysCtlLDOSleepSet               
0000080b  SysCtlMOSCConfigSet             
000010cf  SysCtlNMIClear                  
000010c9  SysCtlNMIStatus                 
00000821  SysCtlPIOSCCalibrate            
00001029  SysCtlPWMClockGet               
0000100f  SysCtlPWMClockSet               
000006a1  SysCtlPeripheralClockGating     
00000659  SysCtlPeripheralDeepSleepDisable
00000609  SysCtlPeripheralDeepSleepEnable 
00000545  SysCtlPeripheralDisable         
00000509  SysCtlPeripheralEnable          
00000445  SysCtlPeripheralPowerOff        
00000409  SysCtlPeripheralPowerOn         
00000389  SysCtlPeripheralPresent         
000003c9  SysCtlPeripheralReady           
00000481  SysCtlPeripheralReset           
000005cd  SysCtlPeripheralSleepDisable    
00000589  SysCtlPeripheralSleepEnable     
000007c5  SysCtlReset                     
00000881  SysCtlResetBehaviorGet          
00000871  SysCtlResetBehaviorSet          
000007f7  SysCtlResetCauseClear           
000007f1  SysCtlResetCauseGet             
0000032d  SysCtlSRAMSizeGet               
000007cd  SysCtlSleep                     
000007a1  SysCtlSleepPowerSet             
00001089  SysCtlUSBPLLDisable             
00001077  SysCtlUSBPLLEnable              
000010b5  SysCtlVoltageEventClear         
00001099  SysCtlVoltageEventConfig        
000010a9  SysCtlVoltageEventStatus        
20000470  __STACK_END                     
00000200  __STACK_SIZE                    
20000470  __STACK_TOP                     
00003078  __TI_CINIT_Base                 
00003088  __TI_CINIT_Limit                
00003058  __TI_Handler_Table_Base         
00003064  __TI_Handler_Table_Limit        
000029fd  __TI_auto_init_nobinit_nopinit  
00002995  __TI_decompress_lzss            
00002ad1  __TI_decompress_none            
ffffffff  __TI_pprof_out_hndl             
ffffffff  __TI_prof_data_size             
ffffffff  __TI_prof_data_start            
00000000  __TI_static_base__              
00002ab5  __TI_zero_init_nomemset         
000028f9  __aeabi_memcpy                  
000028f9  __aeabi_memcpy4                 
000028f9  __aeabi_memcpy8                 
ffffffff  __binit__                       
ffffffff  __c_args__                      
UNDEFED   __mpu_init                      
20000270  __stack                         
00002a81  _c_int00_noargs                 
UNDEFED   _system_post_cinit              
00002af1  _system_pre_init                
00002af5  abort                           
ffffffff  binit                           
20000470  dataRead                        
20000000  g_pfnRAMVectors                 
00000000  g_pfnVectors                    
00002819  main                            
000028f9  memcpy                          
20000474  updateFLAG                      


GLOBAL SYMBOLS: SORTED BY Symbol Address 

address   name                            
-------   ----                            
00000000  __TI_static_base__              
00000000  g_pfnVectors                    
00000200  __STACK_SIZE                    
0000032d  SysCtlSRAMSizeGet               
00000337  SysCtlFlashSizeGet              
00000363  SysCtlFlashSectorSizeGet        
00000389  SysCtlPeripheralPresent         
000003c9  SysCtlPeripheralReady           
00000409  SysCtlPeripheralPowerOn         
00000445  SysCtlPeripheralPowerOff        
00000481  SysCtlPeripheralReset           
00000509  SysCtlPeripheralEnable          
00000545  SysCtlPeripheralDisable         
00000589  SysCtlPeripheralSleepEnable     
000005cd  SysCtlPeripheralSleepDisable    
00000609  SysCtlPeripheralDeepSleepEnable 
00000659  SysCtlPeripheralDeepSleepDisable
000006a1  SysCtlPeripheralClockGating     
000006f5  SysCtlIntRegister               
0000070d  SysCtlIntUnregister             
0000071d  SysCtlIntEnable                 
00000731  SysCtlIntDisable                
00000749  SysCtlIntClear                  
00000759  SysCtlIntStatus                 
00000775  SysCtlLDOSleepSet               
00000785  SysCtlLDOSleepGet               
0000078b  SysCtlLDODeepSleepSet           
0000079b  SysCtlLDODeepSleepGet           
000007a1  SysCtlSleepPowerSet             
000007b5  SysCtlDeepSleepPowerSet         
000007c5  SysCtlReset                     
000007cd  SysCtlSleep                     
000007d5  SysCtlDeepSleep                 
000007f1  SysCtlResetCauseGet             
000007f7  SysCtlResetCauseClear           
0000080b  SysCtlMOSCConfigSet             
00000821  SysCtlPIOSCCalibrate            
00000871  SysCtlResetBehaviorSet          
00000881  SysCtlResetBehaviorGet          
000008d5  SysCtlClockFreqSet              
00000bed  SysCtlClockSet                  
00000db9  SysCtlClockGet                  
00000f67  SysCtlDeepSleepClockSet         
00000f85  SysCtlDeepSleepClockConfigSet   
0000100f  SysCtlPWMClockSet               
00001029  SysCtlPWMClockGet               
0000103f  SysCtlGPIOAHBEnable             
0000105b  SysCtlGPIOAHBDisable            
00001077  SysCtlUSBPLLEnable              
00001089  SysCtlUSBPLLDisable             
00001099  SysCtlVoltageEventConfig        
000010a9  SysCtlVoltageEventStatus        
000010b5  SysCtlVoltageEventClear         
000010c9  SysCtlNMIStatus                 
000010cf  SysCtlNMIClear                  
000010e3  SysCtlClockOutConfig            
000010ff  SysCtlAltClkConfig              
000011bf  GPIODirModeSet                  
0000121b  GPIODirModeGet                  
00001267  GPIOIntTypeSet                  
0000130b  GPIOIntTypeGet                  
000013a1  GPIOPadConfigSet                
000015db  GPIOPadConfigGet                
0000172d  GPIOIntEnable                   
00001747  GPIOIntDisable                  
00001761  GPIOIntStatus                   
00001783  GPIOIntClear                    
00001797  GPIOIntRegister                 
000017b5  GPIOIntUnregister               
000017cf  GPIOPinRead                     
000017e7  GPIOPinWrite                    
00001807  GPIOPinTypeADC                  
0000182b  GPIOPinTypeCAN                  
0000184f  GPIOPinTypeComparator           
00001873  GPIOPinTypeEPI                  
00001897  GPIOPinTypeEthernetLED          
000018bb  GPIOPinTypeEthernetMII          
000018df  GPIOPinTypeGPIOInput            
00001903  GPIOPinTypeGPIOOutput           
00001927  GPIOPinTypeGPIOOutputOD         
0000194b  GPIOPinTypeI2C                  
0000196f  GPIOPinTypeI2CSCL               
00001993  GPIOPinTypeLCD                  
000019b7  GPIOPinTypeLPC                  
000019db  GPIOPinTypePECIRx               
000019ff  GPIOPinTypePECITx               
00001a23  GPIOPinTypePWM                  
00001a47  GPIOPinTypeQEI                  
00001a6b  GPIOPinTypeSSI                  
00001a8f  GPIOPinTypeTimer                
00001ab3  GPIOPinTypeUART                 
00001ad7  GPIOPinTypeUSBAnalog            
00001afb  GPIOPinTypeUSBDigital           
00001b1f  GPIOPinTypeWakeHigh             
00001b45  GPIOPinTypeWakeLow              
00001b6b  GPIOPinTypeKBRow                
00001b8f  GPIOPinTypeKBColumn             
00001bb3  GPIOPinTypeLEDSeq               
00001bd7  GPIOPinTypeCIR                  
00001bfb  GPIOPinWakeStatus               
00001c0b  GPIOPinConfigure                
00001c69  GPIODMATriggerEnable            
00001c87  GPIODMATriggerDisable           
00001ca5  GPIOADCTriggerEnable            
00001cc3  GPIOADCTriggerDisable           
00001d47  I2CMasterInitExpClk             
00001db9  I2CSlaveInit                    
00001dd3  I2CSlaveAddressSet              
00001e11  I2CMasterEnable                 
00001e27  I2CSlaveEnable                  
00001e45  I2CMasterDisable                
00001e5b  I2CSlaveDisable                 
00001e79  I2CIntRegister                  
00001e97  I2CIntUnregister                
00001eb1  I2CMasterIntEnable              
00001ec1  I2CMasterIntEnableEx            
00001ed9  I2CSlaveIntEnable               
00001ef1  I2CSlaveIntEnableEx             
00001f0b  I2CMasterIntDisable             
00001f1b  I2CMasterIntDisableEx           
00001f33  I2CSlaveIntDisable              
00001f4b  I2CSlaveIntDisableEx            
00001f65  I2CMasterIntStatus              
00001fa9  I2CMasterIntStatusEx            
00001fd5  I2CSlaveIntStatus               
0000201d  I2CSlaveIntStatusEx             
0000203f  I2CMasterIntClear               
0000205d  I2CMasterIntClearEx             
0000206f  I2CSlaveIntClear                
00002081  I2CSlaveIntClearEx              
00002095  I2CMasterSlaveAddrSet           
000020b7  I2CMasterLineStateGet           
000020c5  I2CMasterBusy                   
000020dd  I2CMasterBusBusy                
000020f5  I2CMasterControl                
00002107  I2CMasterErr                    
00002133  I2CMasterDataPut                
00002149  I2CMasterDataGet                
00002157  I2CMasterTimeoutSet             
00002169  I2CSlaveACKOverride             
0000219b  I2CSlaveACKValueSet             
000021cd  I2CSlaveStatus                  
000021dd  I2CSlaveDataPut                 
000021f5  I2CSlaveDataGet                 
00002205  I2CTxFIFOConfigSet              
0000222d  I2CTxFIFOFlush                  
00002245  I2CRxFIFOConfigSet              
0000226d  I2CRxFIFOFlush                  
00002285  I2CFIFOStatus                   
00002295  I2CFIFODataPut                  
000022b7  I2CFIFODataPutNonBlocking       
000022df  I2CFIFODataGet                  
000022f9  I2CFIFODataGetNonBlocking       
0000231f  I2CMasterBurstLengthSet         
00002335  I2CMasterBurstCountGet          
00002343  I2CMasterGlitchFilterConfigSet  
0000235b  I2CSlaveFIFOEnable              
00002373  I2CSlaveFIFODisable             
00002387  IntMasterEnable                 
00002397  IntMasterDisable                
000023a7  IntRegister                     
000023f9  IntUnregister                   
0000240d  IntPriorityGroupingSet          
00002427  IntPriorityGroupingGet          
0000245f  IntPrioritySet                  
000024af  IntPriorityGet                  
000024d3  IntEnable                       
00002545  IntDisable                      
000025b7  IntIsEnabled                    
0000263d  IntPendSet                      
000026ad  IntPendClear                    
000026fb  IntPriorityMaskSet              
00002707  IntPriorityMaskGet              
0000270f  IntTrigger                      
00002745  InitI2C0                        
00002777  I2C0SlaveIntHandler             
00002819  main                            
000028f9  __aeabi_memcpy                  
000028f9  __aeabi_memcpy4                 
000028f9  __aeabi_memcpy8                 
000028f9  memcpy                          
00002995  __TI_decompress_lzss            
000029fd  __TI_auto_init_nobinit_nopinit  
00002a41  CPUcpsid                        
00002a4d  CPUprimask                      
00002a57  CPUcpsie                        
00002a63  CPUwfi                          
00002a67  CPUbasepriSet                   
00002a75  CPUbasepriGet                   
00002a81  _c_int00_noargs                 
00002ab5  __TI_zero_init_nomemset         
00002ad1  __TI_decompress_none            
00002adf  ResetISR                        
00002aeb  SysCtlDelay                     
00002af1  _system_pre_init                
00002af5  C$$EXIT                         
00002af5  abort                           
00003058  __TI_Handler_Table_Base         
00003064  __TI_Handler_Table_Limit        
00003078  __TI_CINIT_Base                 
00003088  __TI_CINIT_Limit                
20000000  g_pfnRAMVectors                 
20000270  __stack                         
20000470  __STACK_END                     
20000470  __STACK_TOP                     
20000470  dataRead                        
20000474  updateFLAG                      
ffffffff  __TI_pprof_out_hndl             
ffffffff  __TI_prof_data_size             
ffffffff  __TI_prof_data_start            
ffffffff  __binit__                       
ffffffff  __c_args__                      
ffffffff  binit                           
UNDEFED   __mpu_init                      
UNDEFED   _system_post_cinit              

[215 symbols]
